
> meds-frontend@1.0.0 start
> react-scripts start

node.exe : (node:21080) [DEP_
WEBPACK_DEV_SERVER_ON_AFTER_S
ETUP_MIDDLEWARE] 
DeprecationWarning: 
'onAfterSetupMiddleware' 
option is deprecated. Please 
use the 'setupMiddlewares' 
option.
At E:\program 
files\npm.ps1:29 char:3
+   & $NODE_EXE $NPM_CLI_JS 
$args
+   
~~~~~~~~~~~~~~~~~~~~~~~~~~~~~
    + CategoryInfo           
   : NotSpecifi    ed: 
((node:21080)     
[D...ewares' optio    
n.:String) [], Rem    
oteException
    + FullyQualifiedEr    
rorId : NativeComm    
andError
 
(Use `node 
--trace-deprecation ...` to 
show where the warning was 
created)
(node:21080) [DEP_WEBPACK_DEV
_SERVER_ON_BEFORE_SETUP_MIDDL
EWARE] DeprecationWarning: 
'onBeforeSetupMiddleware' 
option is deprecated. Please 
use the 'setupMiddlewares' 
option.
Starting the development server...

Compiled successfully!

You can now view meds-frontend in the browser.

  Local:            http://localhost:3000
  On Your Network:  http://192.168.1.2:3000

Note that the development build is not optimized.
To create a production build, use npm run build.

webpack compiled [1m[32msuccessfully[39m[22m
(node:21080) [DEP0060] 
DeprecationWarning: The 
`util._extend` API is 
deprecated. Please use 
Object.assign() instead.
Proxy error: Could not proxy request /api/pharmacies/ from localhost:3000 to http://localhost:8000/.
See https://nodejs.org/api/errors.html#errors_common_system_errors for more information (ECONNREFUSED).

Proxy error: Could not proxy request /api/kits/ from localhost:3000 to http://localhost:8000/.
See https://nodejs.org/api/errors.html#errors_common_system_errors for more information (ECONNREFUSED).

Proxy error: Could not proxy request /api/auth/me/ from localhost:3000 to http://localhost:8000/.
See https://nodejs.org/api/errors.html#errors_common_system_errors for more information (ECONNREFUSED).

Proxy error: Could not proxy request /api/pharmacies/ from localhost:3000 to http://localhost:8000/.
See https://nodejs.org/api/errors.html#errors_common_system_errors for more information (ECONNREFUSED).

Proxy error: Could not proxy request /api/kits/ from localhost:3000 to http://localhost:8000/.
See https://nodejs.org/api/errors.html#errors_common_system_errors for more information (ECONNREFUSED).

Proxy error: Could not proxy request /api/auth/me/ from localhost:3000 to http://localhost:8000/.
See https://nodejs.org/api/errors.html#errors_common_system_errors for more information (ECONNREFUSED).

Proxy error: Could not proxy request /favicon.ico from localhost:3000 to http://localhost:8000/.
See https://nodejs.org/api/errors.html#errors_common_system_errors for more information (ECONNREFUSED).

Proxy error: Could not proxy request /favicon.ico from localhost:3000 to http://localhost:8000/.
See https://nodejs.org/api/errors.html#errors_common_system_errors for more information (ECONNREFUSED).

Proxy error: Could not proxy request /api/auth/login/ from localhost:3000 to http://localhost:8000/.
See https://nodejs.org/api/errors.html#errors_common_system_errors for more information (ECONNREFUSED).

Proxy error: Could not proxy request /favicon.ico from localhost:3000 to http://localhost:8000/.
See https://nodejs.org/api/errors.html#errors_common_system_errors for more information (ECONNREFUSED).

Proxy error: Could not proxy request /favicon.ico from localhost:3000 to http://localhost:8000/.
See https://nodejs.org/api/errors.html#errors_common_system_errors for more information (ECONNREFUSED).

Proxy error: Could not proxy request /api/auth/login/ from localhost:3000 to http://localhost:8000/.
See https://nodejs.org/api/errors.html#errors_common_system_errors for more information (ECONNREFUSED).

